[backblue.gif]
[fade.gif]
[index.html]
[demo-themelocation.co/mottestate/css/style.css]
[demo-themelocation.co/mottestate/css/bootstrap.css]
[demo-themelocation.co/mottestate/css/responsive.css]
[demo-themelocation.co/mottestate/css/theme-color.css]
[demo-themelocation.co/mottestate/css/owl.carousel.css]
[demo-themelocation.co/mottestate/css/font-awesome.min.css]
[demo-themelocation.co/mottestate/images/logo.png]
[demo-themelocation.co/mottestate/images/properties-md-img-01.jpg]
[demo-themelocation.co/mottestate/images/bag-img.jpg]
[demo-themelocation.co/mottestate/images/neighbourhood-img-03.jpg]
[demo-themelocation.co/mottestate/images/blog-sm-img-01.jpg]
[demo-themelocation.co/mottestate/images/blog-sm-img-02.jpg]
[demo-themelocation.co/mottestate/images/blog-sm-img-03.jpg]
[demo-themelocation.co/mottestate/images/blog-sm-img-04.jpg]
[demo-themelocation.co/mottestate/js/jquery-1.11.3.min.js]
[demo-themelocation.co/mottestate/js/bootstrap.min.js]
[demo-themelocation.co/mottestate/js/migrate.js]
[demo-themelocation.co/mottestate/js/owl.carousel.min.js]
[demo-themelocation.co/mottestate/js/custom.js]
[demo-themelocation.co/mottestate/index.html]
[demo-themelocation.co/mottestate/images/search-bg-img-01.jpg]
[demo-themelocation.co/mottestate/images/arrow-img1.png]
[demo-themelocation.co/mottestate/images/parallax-bg-img-01.jpg]
[demo-themelocation.co/mottestate/images/man-img.png]
[demo-themelocation.co/mottestate/images/price-bg-img.png]
[demo-themelocation.co/mottestate/css/style.css]
[demo-themelocation.co/mottestate/css/bootstrap.css]
[demo-themelocation.co/mottestate/css/responsive.css]
[demo-themelocation.co/mottestate/css/theme-color.css]
[demo-themelocation.co/mottestate/css/owl.carousel.css]
[demo-themelocation.co/mottestate/fonts/fontawesome-webfont5b62.eot]
[demo-themelocation.co/mottestate/fonts/fontawesome-webfont5b62.woff]
[demo-themelocation.co/mottestate/fonts/fontawesome-webfont5b62.ttf]
[demo-themelocation.co/mottestate/fonts/fontawesome-webfontd41d.eot]
[demo-themelocation.co/mottestate/css/font-awesome.min.css]
[demo-themelocation.co/mottestate/index-2.html]
[demo-themelocation.co/mottestate/images/banner-slider-img-01.jpg]
[demo-themelocation.co/mottestate/images/cart-sm-img.jpg]
[demo-themelocation.co/mottestate/images/properties-md-img-02.jpg]
[demo-themelocation.co/mottestate/images/properties-md-img-03.jpg]
[demo-themelocation.co/mottestate/images/properties-md-img-04.jpg]
[demo-themelocation.co/mottestate/images/price-md-img1.jpg]
[demo-themelocation.co/mottestate/images/bag-img2.jpg]
[demo-themelocation.co/mottestate/images/cart-sm-img2.jpg]
[demo-themelocation.co/mottestate/images/team-img-01.jpg]
[demo-themelocation.co/mottestate/images/team-img-02.jpg]
[demo-themelocation.co/mottestate/images/team-img-03.jpg]
[demo-themelocation.co/mottestate/images/team-img-04.jpg]
[demo-themelocation.co/mottestate/images/partners-img-02.png]
[demo-themelocation.co/mottestate/images/partners-img-03.png]
[demo-themelocation.co/mottestate/images/partners-img-04.png]
[demo-themelocation.co/mottestate/images/partners-img-05.png]
[demo-themelocation.co/mottestate/images/partners-img-06.png]
[demo-themelocation.co/mottestate/js/map.js]
[demo-themelocation.co/mottestate/js/imagesloaded.pkgd.js]
[demo-themelocation.co/mottestate/home-slider.html]
[demo-themelocation.co/mottestate/images/logo2.jpg]
[demo-themelocation.co/mottestate/images/neighbourhood-md-img-01.jpg]
[demo-themelocation.co/mottestate/images/neighbourhood-md-img-02.jpg]
[demo-themelocation.co/mottestate/images/neighbourhood-md-img-03.jpg]
[demo-themelocation.co/mottestate/images/neighbourhood-md-img-04.jpg]
[demo-themelocation.co/mottestate/home-map.html]
[demo-themelocation.co/mottestate/home-split.html]
[demo-themelocation.co/mottestate/home-split-full.html]
[demo-themelocation.co/mottestate/about-us.html]
[demo-themelocation.co/mottestate/images/properties-standard-img-01.jpg]
[demo-themelocation.co/mottestate/images/lightbox-sm-img01.jpg]
[demo-themelocation.co/mottestate/images/properties-structure-img.jpg]
[demo-themelocation.co/mottestate/images/agent-sm-01.jpg]
[demo-themelocation.co/mottestate/images/add-img.jpg]
[demo-themelocation.co/mottestate/js/imagelightbox.min.js]
[demo-themelocation.co/mottestate/properties.html]
[demo-themelocation.co/mottestate/images/properties-md-img-05.jpg]
[demo-themelocation.co/mottestate/images/properties-md-img-06.jpg]
[demo-themelocation.co/mottestate/images/properties-md-img-07.jpg]
[demo-themelocation.co/mottestate/images/properties-md-img-08.jpg]
[demo-themelocation.co/mottestate/images/properties-sm-img-01.jpg]
[demo-themelocation.co/mottestate/images/properties-sm-img-02.jpg]
[demo-themelocation.co/mottestate/images/properties-sm-img-03.jpg]
[demo-themelocation.co/mottestate/images/properties-sm-img-04.jpg]
[demo-themelocation.co/mottestate/images/properties-sm-img-05.jpg]
[demo-themelocation.co/mottestate/images/properties-sm-img-06.jpg]
[demo-themelocation.co/mottestate/images/properties-sm-img-07.jpg]
[demo-themelocation.co/mottestate/images/properties-sm-img-08.jpg]
[demo-themelocation.co/mottestate/properties-grid.html]
[demo-themelocation.co/mottestate/images/recent-sm-img-01.jpg]
[demo-themelocation.co/mottestate/images/recent-sm-img-02.jpg]
[demo-themelocation.co/mottestate/images/recent-sm-img-03.jpg]
[demo-themelocation.co/mottestate/images/recent-sm-img-04.jpg]
[demo-themelocation.co/mottestate/images/categories-img-01.jpg]
[demo-themelocation.co/mottestate/images/categories-img-02.jpg]
[demo-themelocation.co/mottestate/images/categories-img-03.jpg]
[demo-themelocation.co/mottestate/properties-grid-map.html]
[demo-themelocation.co/mottestate/properties-grid-sidebar.html]
[demo-themelocation.co/mottestate/properties-list.html]
[demo-themelocation.co/mottestate/properties-list-sidebar.html]
[demo-themelocation.co/mottestate/properties-list-map.html]
[demo-themelocation.co/mottestate/images/properties-single-img-01.jpg]
[demo-themelocation.co/mottestate/images/properties-single-img-sm-01.jpg]
[demo-themelocation.co/mottestate/properties-detail.html]
[demo-themelocation.co/mottestate/team.html]
[demo-themelocation.co/mottestate/team-detail.html]
[demo-themelocation.co/mottestate/images/blog-img-01.jpg]
[demo-themelocation.co/mottestate/images/blog-img-02.jpg]
[demo-themelocation.co/mottestate/images/blog-img-03.jpg]
[demo-themelocation.co/mottestate/images/blog-img-04.jpg]
[demo-themelocation.co/mottestate/images/blog-img-05.jpg]
[demo-themelocation.co/mottestate/images/blog-img-06.jpg]
[demo-themelocation.co/mottestate/blog-grid.html]
[demo-themelocation.co/mottestate/images/blog-lrg-img-01.jpg]
[demo-themelocation.co/mottestate/images/blog-lrg-img-02.jpg]
[demo-themelocation.co/mottestate/images/blog-lrg-img-03.jpg]
[demo-themelocation.co/mottestate/images/blog-lrg-img-04.jpg]
[demo-themelocation.co/mottestate/blog-listing.html]
[demo-themelocation.co/mottestate/images/comments-img-01.jpg]
[demo-themelocation.co/mottestate/images/comment-sm-img-01.jpg]
[demo-themelocation.co/mottestate/blog-detail.html]
[demo-themelocation.co/mottestate/p404.html]
[demo-themelocation.co/mottestate/js/map3.js]
[demo-themelocation.co/mottestate/contact.html]
[demo-themelocation.co/mottestate/images/neighbourhood-img-02.jpg]
[demo-themelocation.co/mottestate/images/neighbourhood-img-01.jpg]
[demo-themelocation.co/mottestate/fonts/fontawesome-webfont5b62.html]
[demo-themelocation.co/mottestate/fonts/fontawesome-webfont5b62.svg]
[fonts.googleapis.com/css1a6f.css]
[demo-themelocation.co/mottestate/images/test-sm-01.jpg]
[demo-themelocation.co/mottestate/images/partners-img-01.png]
[demo-themelocation.co/mottestate/js/isotope.pkgd.min.js]
[demo-themelocation.co/mottestate/css/owl.video.play.html]
[demo-themelocation.co/mottestate/js/jquery.accordion.html]
